// Jest Snapshot v1, https://goo.gl/fbAQLP

exports[`ModalBody Should match the snapshot 1`] = `
<div
  className="modal-body"
/>
`;
