// Jest Snapshot v1, https://goo.gl/fbAQLP

exports[`ModalContainer Should match the snapshot 1`] = `
<div
  className="modal-container"
/>
`;
