// Jest Snapshot v1, https://goo.gl/fbAQLP

exports[`ModalHeader Should match the snapshot 1`] = `
<div
  className="modal-header"
/>
`;
