// Jest Snapshot v1, https://goo.gl/fbAQLP

exports[`ModalOverlay Should match the snapshot 1`] = `
<div
  aria-label="Close"
  className="modal-overlay"
/>
`;
