// Jest Snapshot v1, https://goo.gl/fbAQLP

exports[`Chip Should match the snapshot 1`] = `
<span
  className="chip"
/>
`;
